[debug] [2026-08-16T18:18:52.851Z] ----------------------------------------------------------------------
[debug] [2026-08-16T18:18:52.852Z] Command:       /Users/jerson/.local/share/mise/installs/node/24.15.0/bin/node /Users/jerson/.local/share/mise/installs/node/lts/bin/firebase apps:list ANDROID --project oqupa-production
[debug] [2026-08-16T18:18:52.852Z] CLI Version:   15.15.0
[debug] [2026-08-16T18:18:52.852Z] Platform:      darwin
[debug] [2026-08-16T18:18:52.852Z] Node Version:  v24.15.0
[debug] [2026-08-16T18:18:52.852Z] Time:          Sun Aug 16 2026 11:18:52 GMT-0700 (Pacific Daylight Time)
[debug] [2026-08-16T18:18:52.852Z] ----------------------------------------------------------------------
[debug] 
[debug] [2026-08-16T18:18:52.923Z] Object "/extensions" in "firebase.json" has unknown property: {"additionalProperty":"firestore-send-email"}
[debug] [2026-08-16T18:18:52.925Z] > command requires scopes: ["email","openid","https://www.googleapis.com/auth/cloudplatformprojects.readonly","https://www.googleapis.com/auth/firebase","https://www.googleapis.com/auth/cloud-platform"]
[debug] [2026-08-16T18:18:52.925Z] > authorizing via signed-in user (jersondevs@gmail.com)
[debug] [2026-08-16T18:18:52.926Z] Checked if tokens are valid: true, expires at: 1786905444969
[debug] [2026-08-16T18:18:52.926Z] Checked if tokens are valid: true, expires at: 1786905444969
[debug] [2026-08-16T18:18:52.926Z] >>> [apiv2][query] GET https://firebase.googleapis.com/v1beta1/projects/oqupa-production/androidApps pageSize=100
[debug] [2026-08-16T18:18:53.226Z] <<< [apiv2][status] GET https://firebase.googleapis.com/v1beta1/projects/oqupa-production/androidApps 403
[debug] [2026-08-16T18:18:53.226Z] <<< [apiv2][body] GET https://firebase.googleapis.com/v1beta1/projects/oqupa-production/androidApps {"error":{"code":403,"message":"The caller does not have permission","status":"PERMISSION_DENIED"}}
[debug] [2026-08-16T18:18:53.227Z] Request to https://firebase.googleapis.com/v1beta1/projects/oqupa-production/androidApps?pageSize=100 had HTTP Error: 403, The caller does not have permission
[debug] [2026-08-16T18:18:53.227Z] FirebaseError: Request to https://firebase.googleapis.com/v1beta1/projects/oqupa-production/androidApps?pageSize=100 had HTTP Error: 403, The caller does not have permission
    at responseToError (/Users/jerson/.local/share/mise/installs/node/24.15.0/lib/node_modules/firebase-tools/lib/responseToError.js:53:12)
    at RetryOperation._fn (/Users/jerson/.local/share/mise/installs/node/24.15.0/lib/node_modules/firebase-tools/lib/apiv2.js:333:77)
    at process.processTicksAndRejections (node:internal/process/task_queues:104:5)
[error] 
[error] Error: Failed to list Firebase ANDROID apps. See firebase-debug.log for more info.
